---
source: bin/tests/main.rs
expression: "& stdout"

---
--- tests/data/useless_parens.nix
+++ tests/data/useless_parens.nix [fixed]
@@ -1,51 +1,51 @@
 let
   # parens around primitives
   primitive = {
-    b = ("hello");
-    c = (d);
-    e = ({ f = 2; });
+    b = "hello";
+    c = d;
+    e = { f = 2; };
   };
 
   # parens around let-value
-  value1 = (1 + 2);
-  value2 = ({ inherit i; });
+  value1 = 1 + 2;
+  value2 = { inherit i; };
 
   binop =
     let id = x: x; in
-    (id [3])
-    ++ (id [1] ++ [2])
+    id [3]
+    ++ id [1] ++ [2]
   ;
   binop_no =
     (1 + 1)
     * (2 + 2)
     ;
 
   # precedence
   arith1 =
-    4 + (5 * 3)
+    4 + 5 * 3
     ;
   arith2 =
-    (4 * 5) / 5
+    4 * 5 / 5
     ;
   arith3_no =
     4 * (5 / 5)
     ;
 
   primitive_binop =
-    [1] ++ ([2])
+    [1] ++ [2]
     ;
 
   string_concat =
-    (builtins.readFile ./x.txt)
-    + (lib.optionalString true ''
+    builtins.readFile ./x.txt
+    + lib.optionalString true ''
       foo
-    '')
-    + (lib.optionalString true ''
+    ''
+    + lib.optionalString true ''
       bar
-    '')
+    ''
     ;
 
   # TODO: function args etc.
 in
   # parens around let body
-  (null)
+  null


